------------------------------------------------------------
TimeQuest Timing Analyzer Summary
------------------------------------------------------------

Type  : Slow 1100mV 85C Model Setup 'CLK'
Slack : -0.332
TNS   : -2.990

Type  : Slow 1100mV 85C Model Hold 'CLK'
Slack : 0.267
TNS   : 0.000

Type  : Slow 1100mV 85C Model Minimum Pulse Width 'CLK'
Slack : -0.724
TNS   : -96.019

Type  : Slow 1100mV 0C Model Setup 'CLK'
Slack : -0.344
TNS   : -2.038

Type  : Slow 1100mV 0C Model Hold 'CLK'
Slack : 0.258
TNS   : 0.000

Type  : Slow 1100mV 0C Model Minimum Pulse Width 'CLK'
Slack : -0.724
TNS   : -96.434

Type  : Fast 1100mV 85C Model Setup 'CLK'
Slack : 0.409
TNS   : 0.000

Type  : Fast 1100mV 85C Model Hold 'CLK'
Slack : 0.121
TNS   : 0.000

Type  : Fast 1100mV 85C Model Minimum Pulse Width 'CLK'
Slack : -0.089
TNS   : -7.153

Type  : Fast 1100mV 0C Model Setup 'CLK'
Slack : 0.452
TNS   : 0.000

Type  : Fast 1100mV 0C Model Hold 'CLK'
Slack : 0.111
TNS   : 0.000

Type  : Fast 1100mV 0C Model Minimum Pulse Width 'CLK'
Slack : -0.089
TNS   : -7.257

------------------------------------------------------------
